jovyan@jupyter-janezd-2dbio-2dpython-2dukazna-2dibjh9nch:~$ ls -la datoteke
total 28
drwxr-xr-x 1 jovyan jovyan 4096 May  6 10:43 .
drwxr-xr-x 1 jovyan jovyan 4096 May 13 12:43 ..
-rw-r--r-- 1 jovyan jovyan   79 May  6 10:43 osebe.txt
-rw-r--r-- 1 jovyan jovyan  587 May  6 10:43 primer.fasta
-rw-r--r-- 1 jovyan jovyan 1080 May  6 10:43 qwerty-dna.txt
-rw-r--r-- 1 jovyan jovyan   17 May  6 10:43 teze.txt
jovyan@jupyter-janezd-2dbio-2dpython-2dukazna-2dibjh9nch:~$ cat datoteke/teze.txt
72
85
70
82
50
64jovyan@jupyter-janezd-2dbio-2dpython-2dukazna-2dibjh9nch:~$ cat datoteke/osebe.txt
Ana 72 1.70
Berta 85 1.84
Cilka 70 1.65
Dani 82 1.80
Eva 50 1.50
Fanči 64 1.65jovyan@jupyter-janezd-2dbio-2dpython-2dukazna-2dibjh9nch:~$ ls
'01 Jupyter in Markdown.ipynb'      '06 Metode.ipynb'     '21 NCBI.ipynb'           primer.fasta
'02 Izrazi in spremenljivke.ipynb'  '07 Seznami.ipynb'    '22 Diagrami.ipynb'       README.md
'03 Pogoji.ipynb'                   '08 Slovarji.ipynb'   '23 Filogenetska.ipynb'   requirements.txt
'04 Zanke.ipynb'                    '09 Funkcije.ipynb'    datoteke                 slike
'05 Branje datotek.ipynb'           '20 Biopython.ipynb'   kopija.fasta
jovyan@jupyter-janezd-2dbio-2dpython-2dukazna-2dibjh9nch:~$ gzip kopija.fasta
jovyan@jupyter-janezd-2dbio-2dpython-2dukazna-2dibjh9nch:~$ ls
'01 Jupyter in Markdown.ipynb'      '06 Metode.ipynb'     '21 NCBI.ipynb'           primer.fasta
'02 Izrazi in spremenljivke.ipynb'  '07 Seznami.ipynb'    '22 Diagrami.ipynb'       README.md
'03 Pogoji.ipynb'                   '08 Slovarji.ipynb'   '23 Filogenetska.ipynb'   requirements.txt
'04 Zanke.ipynb'                    '09 Funkcije.ipynb'    datoteke                 slike
'05 Branje datotek.ipynb'           '20 Biopython.ipynb'   kopija.fasta.gz
jovyan@jupyter-janezd-2dbio-2dpython-2dukazna-2dibjh9nch:~$ cat kopija.fasta.gz
jovyan@jupyter-janezd-2dbio-2dpython-2dukazna-2dibjh9nch:~$ less kopija.fasta.gz
jovyan@jupyter-janezd-2dbio-2dpython-2dukazna-2dibjh9nch:~$ ls -la
total 756
drwxr-xr-x 1 jovyan jovyan   4096 May 13 12:52  .
drwxr-xr-x 1 root   root     4096 Apr 26 12:15  ..
-rw-r--r-- 1 jovyan jovyan   7946 May 13 12:15 '01 Jupyter in Markdown.ipynb'
-rw-r--r-- 1 jovyan jovyan  51874 May 13 12:15 '02 Izrazi in spremenljivke.ipynb'
-rw-r--r-- 1 jovyan jovyan  35441 May  6 10:43 '03 Pogoji.ipynb'
-rw-r--r-- 1 jovyan jovyan   9149 May  6 10:43 '04 Zanke.ipynb'
-rw-r--r-- 1 jovyan jovyan  10838 May  6 10:43 '05 Branje datotek.ipynb'
-rw-r--r-- 1 jovyan jovyan  14985 May  6 10:43 '06 Metode.ipynb'
-rw-r--r-- 1 jovyan jovyan  23652 May  6 10:43 '07 Seznami.ipynb'
-rw-r--r-- 1 jovyan jovyan  12222 May  6 10:43 '08 Slovarji.ipynb'
-rw-r--r-- 1 jovyan jovyan   8225 May  6 10:43 '09 Funkcije.ipynb'
-rw-r--r-- 1 jovyan jovyan  59668 May  6 10:43 '20 Biopython.ipynb'
-rw-r--r-- 1 jovyan jovyan 118310 May  6 10:43 '21 NCBI.ipynb'
-rw-r--r-- 1 jovyan jovyan 117831 May  6 10:43 '22 Diagrami.ipynb'
-rw-r--r-- 1 jovyan jovyan 203699 May  6 10:43 '23 Filogenetska.ipynb'
-rw-r--r-- 1 jovyan jovyan    220 Apr 26 12:15  .bash_logout
-rw-r--r-- 1 jovyan jovyan   3771 Apr 26 12:15  .bashrc
drwx------ 1 jovyan jovyan   4096 Apr 30 14:36  .config
drwxr-xr-x 1 jovyan jovyan   4096 May  6 10:43  datoteke
drwxr-xr-x 1 jovyan jovyan   4096 May  6 10:43  .git
drwxr-xr-x 2 jovyan jovyan   4096 May 13 12:13  .ipynb_checkpoints
drwxr-xr-x 5 jovyan jovyan   4096 May 13 12:13  .ipython
drwxr-xr-x 3 jovyan jovyan   4096 May 13 12:10  .jupyter
-rw-r--r-- 1 jovyan jovyan    297 May 13 12:43  kopija.fasta.gz
drwxr-xr-x 3 jovyan jovyan   4096 May 13 12:10  .local
-rw-r--r-- 1 jovyan jovyan    587 May 13 12:38  primer.fasta
-rw-r--r-- 1 jovyan jovyan    807 Apr 26 12:15  .profile
-rw-r--r-- 1 jovyan jovyan   4188 May  6 10:43  README.md
-rw-r--r-- 1 jovyan jovyan     38 May  6 10:43  requirements.txt
drwxr-xr-x 1 jovyan jovyan   4096 May  6 10:43  slike
jovyan@jupyter-janezd-2dbio-2dpython-2dukazna-2dibjh9nch:~$ zless kopija.fasta.gz
jovyan@jupyter-janezd-2dbio-2dpython-2dukazna-2dibjh9nch:~$ mv kopija.fasta.gz k
jovyan@jupyter-janezd-2dbio-2dpython-2dukazna-2dibjh9nch:~$ ls
'01 Jupyter in Markdown.ipynb'      '06 Metode.ipynb'     '21 NCBI.ipynb'           primer.fasta
'02 Izrazi in spremenljivke.ipynb'  '07 Seznami.ipynb'    '22 Diagrami.ipynb'       README.md
'03 Pogoji.ipynb'                   '08 Slovarji.ipynb'   '23 Filogenetska.ipynb'   requirements.txt
'04 Zanke.ipynb'                    '09 Funkcije.ipynb'    datoteke                 slike
'05 Branje datotek.ipynb'           '20 Biopython.ipynb'   k
jovyan@jupyter-janezd-2dbio-2dpython-2dukazna-2dibjh9nch:~$ cat k
jovyan@jupyter-janezd-2dbio-2dpython-2dukazna-2dibjh9nch:~$ zless k
jovyan@jupyter-janezd-2dbio-2dpython-2dukazna-2dibjh9nch:~$ cd datoteke/
jovyan@jupyter-janezd-2dbio-2dpython-2dukazna-2dibjh9nch:~/datoteke$ cd /
jovyan@jupyter-janezd-2dbio-2dpython-2dukazna-2dibjh9nch:/$ cd home
jovyan@jupyter-janezd-2dbio-2dpython-2dukazna-2dibjh9nch:/home$ cd /bin
jovyan@jupyter-janezd-2dbio-2dpython-2dukazna-2dibjh9nch:/bin$ ls
bash     bzip2recover  dd             findmnt   lesskey   mount          rmdir       tempfile      zcat
bunzip2  bzless        df             grep      lesspipe  mountpoint     run-parts   touch         zcmp
bzcat    bzmore        dir            gunzip    ln        mv             sed         true          zdiff
bzcmp    cat           dmesg          gzexe     login     nisdomainname  sh          umount        zegrep
bzdiff   chgrp         dnsdomainname  gzip      ls        pidof          sh.distrib  uname         zfgrep
bzegrep  chmod         domainname     hostname  lsblk     ps             sleep       uncompress    zforce
bzexe    chown         echo           kill      mkdir     pwd            stty        vdir          zgrep
bzfgrep  cp            egrep          less      mknod     rbash          su          wdctl         zless
bzgrep   dash          false          lessecho  mktemp    readlink       sync        which         zmore
bzip2    date          fgrep          lessfile  more      rm             tar         ypdomainname  znew
jovyan@jupyter-janezd-2dbio-2dpython-2dukazna-2dibjh9nch:/bin$ cd
jovyan@jupyter-janezd-2dbio-2dpython-2dukazna-2dibjh9nch:~$ ls
'01 Jupyter in Markdown.ipynb'      '06 Metode.ipynb'     '21 NCBI.ipynb'           primer.fasta
'02 Izrazi in spremenljivke.ipynb'  '07 Seznami.ipynb'    '22 Diagrami.ipynb'       README.md
'03 Pogoji.ipynb'                   '08 Slovarji.ipynb'   '23 Filogenetska.ipynb'   requirements.txt
'04 Zanke.ipynb'                    '09 Funkcije.ipynb'    datoteke                 slike
'05 Branje datotek.ipynb'           '20 Biopython.ipynb'   k
jovyan@jupyter-janezd-2dbio-2dpython-2dukazna-2dibjh9nch:~$ cd README.md
bash: cd: README.md: Not a directory
jovyan@jupyter-janezd-2dbio-2dpython-2dukazna-2dibjh9nch:~$ cd
jovyan@jupyter-janezd-2dbio-2dpython-2dukazna-2dibjh9nch:~$
jovyan@jupyter-janezd-2dbio-2dpython-2dukazna-2dibjh9nch:~$ mkdir mojamapa
jovyan@jupyter-janezd-2dbio-2dpython-2dukazna-2dibjh9nch:~$ ls
'01 Jupyter in Markdown.ipynb'      '06 Metode.ipynb'     '21 NCBI.ipynb'           mojamapa
'02 Izrazi in spremenljivke.ipynb'  '07 Seznami.ipynb'    '22 Diagrami.ipynb'       primer.fasta
'03 Pogoji.ipynb'                   '08 Slovarji.ipynb'   '23 Filogenetska.ipynb'   README.md
'04 Zanke.ipynb'                    '09 Funkcije.ipynb'    datoteke                 requirements.txt
'05 Branje datotek.ipynb'           '20 Biopython.ipynb'   k                        slike
jovyan@jupyter-janezd-2dbio-2dpython-2dukazna-2dibjh9nch:~$ ls mojamapa/
jovyan@jupyter-janezd-2dbio-2dpython-2dukazna-2dibjh9nch:~$ ls -la mojamapa/
total 12
drwxr-xr-x 2 jovyan jovyan 4096 May 13 12:59 .
drwxr-xr-x 1 jovyan jovyan 4096 May 13 12:59 ..
jovyan@jupyter-janezd-2dbio-2dpython-2dukazna-2dibjh9nch:~$ ls -la mojamapa/.
total 12
drwxr-xr-x 2 jovyan jovyan 4096 May 13 12:59 .
drwxr-xr-x 1 jovyan jovyan 4096 May 13 12:59 ..
jovyan@jupyter-janezd-2dbio-2dpython-2dukazna-2dibjh9nch:~$ ls -la mojamapa/..
total 760
drwxr-xr-x 1 jovyan jovyan   4096 May 13 12:59  .
drwxr-xr-x 1 root   root     4096 Apr 26 12:15  ..
-rw-r--r-- 1 jovyan jovyan   7946 May 13 12:15 '01 Jupyter in Markdown.ipynb'
-rw-r--r-- 1 jovyan jovyan  51874 May 13 12:15 '02 Izrazi in spremenljivke.ipynb'
-rw-r--r-- 1 jovyan jovyan  35441 May  6 10:43 '03 Pogoji.ipynb'
-rw-r--r-- 1 jovyan jovyan   9149 May  6 10:43 '04 Zanke.ipynb'
-rw-r--r-- 1 jovyan jovyan  10838 May  6 10:43 '05 Branje datotek.ipynb'
-rw-r--r-- 1 jovyan jovyan  14985 May  6 10:43 '06 Metode.ipynb'
-rw-r--r-- 1 jovyan jovyan  23652 May  6 10:43 '07 Seznami.ipynb'
-rw-r--r-- 1 jovyan jovyan  12222 May  6 10:43 '08 Slovarji.ipynb'
-rw-r--r-- 1 jovyan jovyan   8225 May  6 10:43 '09 Funkcije.ipynb'
-rw-r--r-- 1 jovyan jovyan  59668 May  6 10:43 '20 Biopython.ipynb'
-rw-r--r-- 1 jovyan jovyan 118310 May  6 10:43 '21 NCBI.ipynb'
-rw-r--r-- 1 jovyan jovyan 117831 May  6 10:43 '22 Diagrami.ipynb'
-rw-r--r-- 1 jovyan jovyan 203699 May  6 10:43 '23 Filogenetska.ipynb'
-rw-r--r-- 1 jovyan jovyan    220 Apr 26 12:15  .bash_logout
-rw-r--r-- 1 jovyan jovyan   3771 Apr 26 12:15  .bashrc
drwx------ 1 jovyan jovyan   4096 Apr 30 14:36  .config
drwxr-xr-x 1 jovyan jovyan   4096 May  6 10:43  datoteke
drwxr-xr-x 1 jovyan jovyan   4096 May  6 10:43  .git
drwxr-xr-x 2 jovyan jovyan   4096 May 13 12:13  .ipynb_checkpoints
drwxr-xr-x 5 jovyan jovyan   4096 May 13 12:13  .ipython
drwxr-xr-x 3 jovyan jovyan   4096 May 13 12:10  .jupyter
-rw-r--r-- 1 jovyan jovyan    297 May 13 12:43  k
drwxr-xr-x 3 jovyan jovyan   4096 May 13 12:10  .local
drwxr-xr-x 2 jovyan jovyan   4096 May 13 12:59  mojamapa
-rw-r--r-- 1 jovyan jovyan    587 May 13 12:38  primer.fasta
-rw-r--r-- 1 jovyan jovyan    807 Apr 26 12:15  .profile
-rw-r--r-- 1 jovyan jovyan   4188 May  6 10:43  README.md
-rw-r--r-- 1 jovyan jovyan     38 May  6 10:43  requirements.txt
drwxr-xr-x 1 jovyan jovyan   4096 May  6 10:43  slike
jovyan@jupyter-janezd-2dbio-2dpython-2dukazna-2dibjh9nch:~$ ls -la mojamapa/..^C
jovyan@jupyter-janezd-2dbio-2dpython-2dukazna-2dibjh9nch:~$ ls -la .
total 760
drwxr-xr-x 1 jovyan jovyan   4096 May 13 12:59  .
drwxr-xr-x 1 root   root     4096 Apr 26 12:15  ..
-rw-r--r-- 1 jovyan jovyan   7946 May 13 12:15 '01 Jupyter in Markdown.ipynb'
-rw-r--r-- 1 jovyan jovyan  51874 May 13 12:15 '02 Izrazi in spremenljivke.ipynb'
-rw-r--r-- 1 jovyan jovyan  35441 May  6 10:43 '03 Pogoji.ipynb'
-rw-r--r-- 1 jovyan jovyan   9149 May  6 10:43 '04 Zanke.ipynb'
-rw-r--r-- 1 jovyan jovyan  10838 May  6 10:43 '05 Branje datotek.ipynb'
-rw-r--r-- 1 jovyan jovyan  14985 May  6 10:43 '06 Metode.ipynb'
-rw-r--r-- 1 jovyan jovyan  23652 May  6 10:43 '07 Seznami.ipynb'
-rw-r--r-- 1 jovyan jovyan  12222 May  6 10:43 '08 Slovarji.ipynb'
-rw-r--r-- 1 jovyan jovyan   8225 May  6 10:43 '09 Funkcije.ipynb'
-rw-r--r-- 1 jovyan jovyan  59668 May  6 10:43 '20 Biopython.ipynb'
-rw-r--r-- 1 jovyan jovyan 118310 May  6 10:43 '21 NCBI.ipynb'
-rw-r--r-- 1 jovyan jovyan 117831 May  6 10:43 '22 Diagrami.ipynb'
-rw-r--r-- 1 jovyan jovyan 203699 May  6 10:43 '23 Filogenetska.ipynb'
-rw-r--r-- 1 jovyan jovyan    220 Apr 26 12:15  .bash_logout
-rw-r--r-- 1 jovyan jovyan   3771 Apr 26 12:15  .bashrc
drwx------ 1 jovyan jovyan   4096 Apr 30 14:36  .config
drwxr-xr-x 1 jovyan jovyan   4096 May  6 10:43  datoteke
drwxr-xr-x 1 jovyan jovyan   4096 May  6 10:43  .git
drwxr-xr-x 2 jovyan jovyan   4096 May 13 12:13  .ipynb_checkpoints
drwxr-xr-x 5 jovyan jovyan   4096 May 13 12:13  .ipython
drwxr-xr-x 3 jovyan jovyan   4096 May 13 12:10  .jupyter
-rw-r--r-- 1 jovyan jovyan    297 May 13 12:43  k
drwxr-xr-x 3 jovyan jovyan   4096 May 13 12:10  .local
drwxr-xr-x 2 jovyan jovyan   4096 May 13 12:59  mojamapa
-rw-r--r-- 1 jovyan jovyan    587 May 13 12:38  primer.fasta
-rw-r--r-- 1 jovyan jovyan    807 Apr 26 12:15  .profile
-rw-r--r-- 1 jovyan jovyan   4188 May  6 10:43  README.md
-rw-r--r-- 1 jovyan jovyan     38 May  6 10:43  requirements.txt
drwxr-xr-x 1 jovyan jovyan   4096 May  6 10:43  slike
jovyan@jupyter-janezd-2dbio-2dpython-2dukazna-2dibjh9nch:~$ mv k mojamapa/kopija.fasta.gz^C
jovyan@jupyter-janezd-2dbio-2dpython-2dukazna-2dibjh9nch:~$ ls
'01 Jupyter in Markdown.ipynb'      '06 Metode.ipynb'     '21 NCBI.ipynb'           mojamapa
'02 Izrazi in spremenljivke.ipynb'  '07 Seznami.ipynb'    '22 Diagrami.ipynb'       primer.fasta
'03 Pogoji.ipynb'                   '08 Slovarji.ipynb'   '23 Filogenetska.ipynb'   README.md
'04 Zanke.ipynb'                    '09 Funkcije.ipynb'    datoteke                 requirements.txt
'05 Branje datotek.ipynb'           '20 Biopython.ipynb'   k                        slike
jovyan@jupyter-janezd-2dbio-2dpython-2dukazna-2dibjh9nch:~$ ls -la mojamapa/
total 12
drwxr-xr-x 2 jovyan jovyan 4096 May 13 12:59 .
drwxr-xr-x 1 jovyan jovyan 4096 May 13 12:59 ..
jovyan@jupyter-janezd-2dbio-2dpython-2dukazna-2dibjh9nch:~$ mv k mojamapa/kopija.fasta.gz^C
jovyan@jupyter-janezd-2dbio-2dpython-2dukazna-2dibjh9nch:~$ mkdir mojamapa/podmapa
jovyan@jupyter-janezd-2dbio-2dpython-2dukazna-2dibjh9nch:~$ mv k mojamapa/podmapa/
jovyan@jupyter-janezd-2dbio-2dpython-2dukazna-2dibjh9nch:~$ ls -la mojamapa/podmapa/
total 12
drwxr-xr-x 2 jovyan jovyan 4096 May 13 13:03 .
drwxr-xr-x 3 jovyan jovyan 4096 May 13 13:03 ..
-rw-r--r-- 1 jovyan jovyan  297 May 13 12:43 k
jovyan@jupyter-janezd-2dbio-2dpython-2dukazna-2dibjh9nch:~$ mv mojamapa/podmapa/k mojamapa/kopija.fasta.gz
jovyan@jupyter-janezd-2dbio-2dpython-2dukazna-2dibjh9nch:~$ ls -la mojamapa/
total 20
drwxr-xr-x 3 jovyan jovyan 4096 May 13 13:04 .
drwxr-xr-x 1 jovyan jovyan 4096 May 13 13:03 ..
-rw-r--r-- 1 jovyan jovyan  297 May 13 12:43 kopija.fasta.gz
drwxr-xr-x 2 jovyan jovyan 4096 May 13 13:04 podmapa
jovyan@jupyter-janezd-2dbio-2dpython-2dukazna-2dibjh9nch:~$ ls -la mojamapa/podmapa/
total 8
drwxr-xr-x 2 jovyan jovyan 4096 May 13 13:04 .
drwxr-xr-x 3 jovyan jovyan 4096 May 13 13:04 ..
jovyan@jupyter-janezd-2dbio-2dpython-2dukazna-2dibjh9nch:~$ ls
'01 Jupyter in Markdown.ipynb'      '06 Metode.ipynb'     '21 NCBI.ipynb'           primer.fasta
'02 Izrazi in spremenljivke.ipynb'  '07 Seznami.ipynb'    '22 Diagrami.ipynb'       README.md
'03 Pogoji.ipynb'                   '08 Slovarji.ipynb'   '23 Filogenetska.ipynb'   requirements.txt
'04 Zanke.ipynb'                    '09 Funkcije.ipynb'    datoteke                 slike
'05 Branje datotek.ipynb'           '20 Biopython.ipynb'   mojamapa
jovyan@jupyter-janezd-2dbio-2dpython-2dukazna-2dibjh9nch:~$ mkdir folder1
jovyan@jupyter-janezd-2dbio-2dpython-2dukazna-2dibjh9nch:~$ cp README.md folder1
jovyan@jupyter-janezd-2dbio-2dpython-2dukazna-2dibjh9nch:~$ ls -la folder1
total 20
drwxr-xr-x 2 jovyan jovyan 4096 May 13 13:05 .
drwxr-xr-x 1 jovyan jovyan 4096 May 13 13:05 ..
-rw-r--r-- 1 jovyan jovyan 4188 May 13 13:05 README.md
jovyan@jupyter-janezd-2dbio-2dpython-2dukazna-2dibjh9nch:~$ rmdir folder1
rmdir: failed to remove 'folder1': Directory not empty
jovyan@jupyter-janezd-2dbio-2dpython-2dukazna-2dibjh9nch:~$ rm folder1/README.md
jovyan@jupyter-janezd-2dbio-2dpython-2dukazna-2dibjh9nch:~$ ls -la folder1/
total 12
drwxr-xr-x 2 jovyan jovyan 4096 May 13 13:07 .
drwxr-xr-x 1 jovyan jovyan 4096 May 13 13:05 ..
jovyan@jupyter-janezd-2dbio-2dpython-2dukazna-2dibjh9nch:~$ rmdir folder1
jovyan@jupyter-janezd-2dbio-2dpython-2dukazna-2dibjh9nch:~$ ls
'01 Jupyter in Markdown.ipynb'      '06 Metode.ipynb'     '21 NCBI.ipynb'           primer.fasta
'02 Izrazi in spremenljivke.ipynb'  '07 Seznami.ipynb'    '22 Diagrami.ipynb'       README.md
'03 Pogoji.ipynb'                   '08 Slovarji.ipynb'   '23 Filogenetska.ipynb'   requirements.txt
'04 Zanke.ipynb'                    '09 Funkcije.ipynb'    datoteke                 slike
'05 Branje datotek.ipynb'           '20 Biopython.ipynb'   mojamapa
jovyan@jupyter-janezd-2dbio-2dpython-2dukazna-2dibjh9nch:~$ mkdir folder2
jovyan@jupyter-janezd-2dbio-2dpython-2dukazna-2dibjh9nch:~$ cp README.md folder2
jovyan@jupyter-janezd-2dbio-2dpython-2dukazna-2dibjh9nch:~$
jovyan@jupyter-janezd-2dbio-2dpython-2dukazna-2dibjh9nch:~$
jovyan@jupyter-janezd-2dbio-2dpython-2dukazna-2dibjh9nch:~$ rmdir folder2
rmdir: failed to remove 'folder2': Directory not empty
jovyan@jupyter-janezd-2dbio-2dpython-2dukazna-2dibjh9nch:~$ rm -Rf folder2
jovyan@jupyter-janezd-2dbio-2dpython-2dukazna-2dibjh9nch:~$ ls
'01 Jupyter in Markdown.ipynb'      '06 Metode.ipynb'     '21 NCBI.ipynb'           primer.fasta
'02 Izrazi in spremenljivke.ipynb'  '07 Seznami.ipynb'    '22 Diagrami.ipynb'       README.md
'03 Pogoji.ipynb'                   '08 Slovarji.ipynb'   '23 Filogenetska.ipynb'   requirements.txt
'04 Zanke.ipynb'                    '09 Funkcije.ipynb'    datoteke                 slike
'05 Branje datotek.ipynb'           '20 Biopython.ipynb'   mojamapa
jovyan@jupyter-janezd-2dbio-2dpython-2dukazna-2dibjh9nch:~$ mv mojamapa mymap
jovyan@jupyter-janezd-2dbio-2dpython-2dukazna-2dibjh9nch:~$ ls
'01 Jupyter in Markdown.ipynb'      '06 Metode.ipynb'     '21 NCBI.ipynb'           primer.fasta
'02 Izrazi in spremenljivke.ipynb'  '07 Seznami.ipynb'    '22 Diagrami.ipynb'       README.md
'03 Pogoji.ipynb'                   '08 Slovarji.ipynb'   '23 Filogenetska.ipynb'   requirements.txt
'04 Zanke.ipynb'                    '09 Funkcije.ipynb'    datoteke                 slike
'05 Branje datotek.ipynb'           '20 Biopython.ipynb'   mymap
jovyan@jupyter-janezd-2dbio-2dpython-2dukazna-2dibjh9nch:~$ ls datoteke/
osebe.txt  primer.fasta  qwerty-dna.txt  teze.txt
jovyan@jupyter-janezd-2dbio-2dpython-2dukazna-2dibjh9nch:~$ cat datoteke/osebe.txt
Ana 72 1.70
Berta 85 1.84
Cilka 70 1.65
Dani 82 1.80
Eva 50 1.50
Fanči 64 1.65jovyan@jupyter-janezd-2dbio-2dpython-2dukazna-2dibjh9nch:~$ awk {'print $1'} datoteke/osebe.txt
Ana
Berta
Cilka
Dani
Eva
Fanči
jovyan@jupyter-janezd-2dbio-2dpython-2dukazna-2dibjh9nch:~$ awk {'print $2'} datoteke/osebe.txt
72
85
70
82
50
64
jovyan@jupyter-janezd-2dbio-2dpython-2dukazna-2dibjh9nch:~$ awk {'print $2 $1'} datoteke/osebe.txt
72Ana
85Berta
70Cilka
82Dani
50Eva
64Fanči
jovyan@jupyter-janezd-2dbio-2dpython-2dukazna-2dibjh9nch:~$ awk {'print $2 " " $1'} datoteke/osebe.txt
72 Ana
85 Berta
70 Cilka
82 Dani
50 Eva
64 Fanči
jovyan@jupyter-janezd-2dbio-2dpython-2dukazna-2dibjh9nch:~$ ls
'01 Jupyter in Markdown.ipynb'      '21 NCBI.ipynb'
'02 Izrazi in spremenljivke.ipynb'  '22 Diagrami.ipynb'
'03 Pogoji.ipynb'                   '23 Filogenetska.ipynb'
'04 Zanke.ipynb'                     datoteke
'05 Branje datotek.ipynb'            mymap
'06 Metode.ipynb'                    primer.fasta
'07 Seznami.ipynb'                   README.md
'08 Slovarji.ipynb'                  requirements.txt
'09 Funkcije.ipynb'                  simple.py
'20 Biopython.ipynb'                 slike
jovyan@jupyter-janezd-2dbio-2dpython-2dukazna-2dibjh9nch:~$ cat simple.py
print("Hello world")jovyan@jupyter-janezd-2dbio-2dpython-2dukazna-2dibjh9nch:~$
jovyan@jupyter-janezd-2dbio-2dpython-2dukazna-2dibjh9nch:~$ cat simple.py
print("Hello world")
jovyan@jupyter-janezd-2dbio-2dpython-2dukazna-2dibjh9nch:~$ python simple.py
Hello world
jovyan@jupyter-janezd-2dbio-2dpython-2dukazna-2dibjh9nch:~$ python
Python 3.7.3 | packaged by conda-forge | (default, Mar 27 2019, 23:01:00)
[GCC 7.3.0] :: Anaconda, Inc. on linux
Type "help", "copyright", "credits" or "license" for more information.
>>> print("zivijo")
zivijo
>>> 2+3
5
>>>
KeyboardInterrupt
>>>
KeyboardInterrupt
>>> exit
Use exit() or Ctrl-D (i.e. EOF) to exit
>>> exit()
jovyan@jupyter-janezd-2dbio-2dpython-2dukazna-2dibjh9nch:~$ python simple.py
  File "simple.py", line 3
    a^#$#
        ^
SyntaxError: invalid syntax
jovyan@jupyter-janezd-2dbio-2dpython-2dukazna-2dibjh9nch:~$
jovyan@jupyter-janezd-2dbio-2dpython-2dukazna-2dibjh9nch:~$ python simple.py
Hello world
Ana
Berta
Ziva
jovyan@jupyter-janezd-2dbio-2dpython-2dukazna-2dibjh9nch:~$ ls
'01 Jupyter in Markdown.ipynb'      '07 Seznami.ipynb'    '23 Filogenetska.ipynb'   simple.py
'02 Izrazi in spremenljivke.ipynb'  '08 Slovarji.ipynb'    datoteke                 simple.sh
'03 Pogoji.ipynb'                   '09 Funkcije.ipynb'    mymap                    slike
'04 Zanke.ipynb'                    '20 Biopython.ipynb'   primer.fasta
'05 Branje datotek.ipynb'           '21 NCBI.ipynb'        README.md
'06 Metode.ipynb'                   '22 Diagrami.ipynb'    requirements.txt
jovyan@jupyter-janezd-2dbio-2dpython-2dukazna-2dibjh9nch:~$ ls -la simple.sh
-rw-r--r-- 1 jovyan jovyan 18 May 13 13:45 simple.sh
jovyan@jupyter-janezd-2dbio-2dpython-2dukazna-2dibjh9nch:~$ simple.sh
bash: simple.sh: command not found
jovyan@jupyter-janezd-2dbio-2dpython-2dukazna-2dibjh9nch:~$ bash simple.sh
Hello world
jovyan@jupyter-janezd-2dbio-2dpython-2dukazna-2dibjh9nch:~$ ls /bin
bash     bzip2recover  dd             findmnt   lesskey   mount          rmdir       tempfile      zcat
bunzip2  bzless        df             grep      lesspipe  mountpoint     run-parts   touch         zcmp
bzcat    bzmore        dir            gunzip    ln        mv             sed         true          zdiff
bzcmp    cat           dmesg          gzexe     login     nisdomainname  sh          umount        zegrep
bzdiff   chgrp         dnsdomainname  gzip      ls        pidof          sh.distrib  uname         zfgrep
bzegrep  chmod         domainname     hostname  lsblk     ps             sleep       uncompress    zforce
bzexe    chown         echo           kill      mkdir     pwd            stty        vdir          zgrep
bzfgrep  cp            egrep          less      mknod     rbash          su          wdctl         zless
bzgrep   dash          false          lessecho  mktemp    readlink       sync        which         zmore
bzip2    date          fgrep          lessfile  more      rm             tar         ypdomainname  znew
jovyan@jupyter-janezd-2dbio-2dpython-2dukazna-2dibjh9nch:~$ which bash
/bin/bash
jovyan@jupyter-janezd-2dbio-2dpython-2dukazna-2dibjh9nch:~$ which README.md
jovyan@jupyter-janezd-2dbio-2dpython-2dukazna-2dibjh9nch:~$ which python
/srv/conda/envs/notebook/bin/python
jovyan@jupyter-janezd-2dbio-2dpython-2dukazna-2dibjh9nch:~$ bash simple.sh
Hello world
jovyan@jupyter-janezd-2dbio-2dpython-2dukazna-2dibjh9nch:~$ ls
'01 Jupyter in Markdown.ipynb'      '07 Seznami.ipynb'    '23 Filogenetska.ipynb'   simple.py
'02 Izrazi in spremenljivke.ipynb'  '08 Slovarji.ipynb'    datoteke                 simple.sh
'03 Pogoji.ipynb'                   '09 Funkcije.ipynb'    mymap                    slike
'04 Zanke.ipynb'                    '20 Biopython.ipynb'   primer.fasta
'05 Branje datotek.ipynb'           '21 NCBI.ipynb'        README.md
'06 Metode.ipynb'                   '22 Diagrami.ipynb'    requirements.txt
jovyan@jupyter-janezd-2dbio-2dpython-2dukazna-2dibjh9nch:~$ simple.sh
bash: simple.sh: command not found
jovyan@jupyter-janezd-2dbio-2dpython-2dukazna-2dibjh9nch:~$ ./simple.sh
bash: ./simple.sh: Permission denied
jovyan@jupyter-janezd-2dbio-2dpython-2dukazna-2dibjh9nch:~$ echo $PATH
/srv/conda/envs/notebook/bin:/srv/conda/condabin:/home/jovyan/.local/bin:/home/jovyan/.local/bin:/srv/conda/envs/notebook/bin:/srv/conda/bin:/srv/npm/bin:/usr/local/sbin:/usr/local/bin:/usr/sbin:/usr/bin:/sbin:/bin
jovyan@jupyter-janezd-2dbio-2dpython-2dukazna-2dibjh9nch:~$ ls -la simple.sh
-rw-r--r-- 1 jovyan jovyan 30 May 13 13:50 simple.sh
jovyan@jupyter-janezd-2dbio-2dpython-2dukazna-2dibjh9nch:~$ ls -l /bin/bash
-rwxr-xr-x 1 root root 1113504 Apr  4  2018 /bin/bash
jovyan@jupyter-janezd-2dbio-2dpython-2dukazna-2dibjh9nch:~$ chmod +x ./simple.sh
jovyan@jupyter-janezd-2dbio-2dpython-2dukazna-2dibjh9nch:~$ ls -la simple.sh
-rwxr-xr-x 1 jovyan jovyan 30 May 13 13:50 simple.sh
jovyan@jupyter-janezd-2dbio-2dpython-2dukazna-2dibjh9nch:~$ chmod -x ./simple.sh
jovyan@jupyter-janezd-2dbio-2dpython-2dukazna-2dibjh9nch:~$ ls -la simple.sh
-rw-r--r-- 1 jovyan jovyan 30 May 13 13:50 simple.sh
jovyan@jupyter-janezd-2dbio-2dpython-2dukazna-2dibjh9nch:~$ chmod +x ./simple.sh
jovyan@jupyter-janezd-2dbio-2dpython-2dukazna-2dibjh9nch:~$ ./simple.sh
Hello world
jovyan@jupyter-janezd-2dbio-2dpython-2dukazna-2dibjh9nch:~$ ./simple.sh
bash: ./simple.sh: /bib/bash: bad interpreter: No such file or directory
jovyan@jupyter-janezd-2dbio-2dpython-2dukazna-2dibjh9nch:~$ ls -la /bib/bash
ls: cannot access '/bib/bash': No such file or directory
jovyan@jupyter-janezd-2dbio-2dpython-2dukazna-2dibjh9nch:~$ ./simple.sh
Hello world
jovyan@jupyter-janezd-2dbio-2dpython-2dukazna-2dibjh9nch:~$ ls -la simple.sh
-rwxr-xr-x 1 jovyan jovyan 30 May 13 13:58 simple.sh
jovyan@jupyter-janezd-2dbio-2dpython-2dukazna-2dibjh9nch:~$ chmod -gx simple.sh
chmod: invalid mode: ‘-gx’
Try 'chmod --help' for more information.
jovyan@jupyter-janezd-2dbio-2dpython-2dukazna-2dibjh9nch:~$ chmod -xg simple.sh
chmod: invalid mode: ‘-xg’
Try 'chmod --help' for more information.
jovyan@jupyter-janezd-2dbio-2dpython-2dukazna-2dibjh9nch:~$ chmod g-x simple.sh
jovyan@jupyter-janezd-2dbio-2dpython-2dukazna-2dibjh9nch:~$ ls -la simple.sh
-rwxr--r-x 1 jovyan jovyan 30 May 13 13:58 simple.sh
jovyan@jupyter-janezd-2dbio-2dpython-2dukazna-2dibjh9nch:~$ chmod o-x simple.sh
jovyan@jupyter-janezd-2dbio-2dpython-2dukazna-2dibjh9nch:~$ ls -la simple.sh
-rwxr--r-- 1 jovyan jovyan 30 May 13 13:58 simple.sh
jovyan@jupyter-janezd-2dbio-2dpython-2dukazna-2dibjh9nch:~$ chmod u-x simple.sh
jovyan@jupyter-janezd-2dbio-2dpython-2dukazna-2dibjh9nch:~$ ls -la simple.sh
-rw-r--r-- 1 jovyan jovyan 30 May 13 13:58 simple.sh
jovyan@jupyter-janezd-2dbio-2dpython-2dukazna-2dibjh9nch:~$ chmod u+x simple.sh
jovyan@jupyter-janezd-2dbio-2dpython-2dukazna-2dibjh9nch:~$ ls -la simple.sh
-rwxr--r-- 1 jovyan jovyan 30 May 13 13:58 simple.sh
jovyan@jupyter-janezd-2dbio-2dpython-2dukazna-2dibjh9nch:~$ chmod o-r simple.sh
jovyan@jupyter-janezd-2dbio-2dpython-2dukazna-2dibjh9nch:~$ ls -la simple.sh
-rwxr----- 1 jovyan jovyan 30 May 13 13:58 simple.sh
jovyan@jupyter-janezd-2dbio-2dpython-2dukazna-2dibjh9nch:~$ cat datoteke/teze.txt
72
85
70
82
50
64jovyan@jupyter-janezd-2dbio-2dpython-2dukazna-2dibjh9nch:~$ python simple.py
70.5
jovyan@jupyter-janezd-2dbio-2dpython-2dukazna-2dibjh9nch:~$ python simple.py
70.5
jovyan@jupyter-janezd-2dbio-2dpython-2dukazna-2dibjh9nch:~$ cat simple.sh
#!/bin/bash
echo "Hello world"jovyan@jupyter-janezd-2dbio-2dpython-2dukazna-2dibjh9nch:~$
jovyan@jupyter-janezd-2dbio-2dpython-2dukazna-2dibjh9nch:~$
jovyan@jupyter-janezd-2dbio-2dpython-2dukazna-2dibjh9nch:~$ ./simple.sh
Hello world
jovyan@jupyter-janezd-2dbio-2dpython-2dukazna-2dibjh9nch:~$ ./simple.py
bash: ./simple.py: Permission denied
jovyan@jupyter-janezd-2dbio-2dpython-2dukazna-2dibjh9nch:~$ ls -la simple.py
-rw-r--r-- 1 jovyan jovyan 120 May 13 14:06 simple.py
jovyan@jupyter-janezd-2dbio-2dpython-2dukazna-2dibjh9nch:~$ chmod u+x ./simple.py
jovyan@jupyter-janezd-2dbio-2dpython-2dukazna-2dibjh9nch:~$ ls -la simple.py
-rwxr--r-- 1 jovyan jovyan 120 May 13 14:06 simple.py
jovyan@jupyter-janezd-2dbio-2dpython-2dukazna-2dibjh9nch:~$ ./simple.py
sum: '=': No such file or directory
sum: 0: No such file or directory
./simple.py: line 3: cn: command not found
./simple.py: line 4: syntax error near unexpected token `('
./simple.py: line 4: `for line in open('datoteke/teze.txt'):'
jovyan@jupyter-janezd-2dbio-2dpython-2dukazna-2dibjh9nch:~$ which python
/srv/conda/envs/notebook/bin/python
jovyan@jupyter-janezd-2dbio-2dpython-2dukazna-2dibjh9nch:~$ ./simple.py
70.5
jovyan@jupyter-janezd-2dbio-2dpython-2dukazna-2dibjh9nch:~$ python simple.py
70.5
jovyan@jupyter-janezd-2dbio-2dpython-2dukazna-2dibjh9nch:~$ ./simple.py
70.5
jovyan@jupyter-janezd-2dbio-2dpython-2dukazna-2dibjh9nch:~$ ./simple.py
['./simple.py']
70.5
jovyan@jupyter-janezd-2dbio-2dpython-2dukazna-2dibjh9nch:~$ ./simple.py dat1.txt
['./simple.py', 'dat1.txt']
70.5
jovyan@jupyter-janezd-2dbio-2dpython-2dukazna-2dibjh9nch:~$ ./simple.py dat1.txt onemore.txt
['./simple.py', 'dat1.txt', 'onemore.txt']
70.5
jovyan@jupyter-janezd-2dbio-2dpython-2dukazna-2dibjh9nch:~$ ./simple.py dat1.txt onemore.txt
dat1.txt
70.5
jovyan@jupyter-janezd-2dbio-2dpython-2dukazna-2dibjh9nch:~$ ./simple.py dat1.txt
Traceback (most recent call last):
  File "./simple.py", line 8, in <module>
    for line in open(fin_name):
FileNotFoundError: [Errno 2] No such file or directory: 'dat1.txt'
jovyan@jupyter-janezd-2dbio-2dpython-2dukazna-2dibjh9nch:~$ ./simple.py othername.txt
Traceback (most recent call last):
  File "./simple.py", line 8, in <module>
    for line in open(fin_name):
FileNotFoundError: [Errno 2] No such file or directory: 'othername.txt'
jovyan@jupyter-janezd-2dbio-2dpython-2dukazna-2dibjh9nch:~$ ./simple.py datoteke/teze.txt
70.5
jovyan@jupyter-janezd-2dbio-2dpython-2dukazna-2dibjh9nch:~$ ./simple.py datoteke/teze.txt
70.5
jovyan@jupyter-janezd-2dbio-2dpython-2dukazna-2dibjh9nch:~$ ./simple.py datoteke/teze2.txt
61.0
jovyan@jupyter-janezd-2dbio-2dpython-2dukazna-2dibjh9nch:~$ ./simple.py datoteke/teze3.txt
66.66666666666667
jovyan@jupyter-janezd-2dbio-2dpython-2dukazna-2dibjh9nch:~$ ls
'01 Jupyter in Markdown.ipynb'      '07 Seznami.ipynb'    '23 Filogenetska.ipynb'   simple.py
'02 Izrazi in spremenljivke.ipynb'  '08 Slovarji.ipynb'    datoteke                 simple.sh
'03 Pogoji.ipynb'                   '09 Funkcije.ipynb'    mymap                    slike
'04 Zanke.ipynb'                    '20 Biopython.ipynb'   primer.fasta             Untitled.ipynb
'05 Branje datotek.ipynb'           '21 NCBI.ipynb'        README.md
'06 Metode.ipynb'                   '22 Diagrami.ipynb'    requirements.txt
jovyan@jupyter-janezd-2dbio-2dpython-2dukazna-2dibjh9nch:~$ -DFFFGFG
bash: -DFFFGFG: command not found
jovyan@jupyter-janezd-2dbio-2dpython-2dukazna-2dibjh9nch:~$ ls -DFFFGFG
'01 Jupyter in Markdown.ipynb'      '07 Seznami.ipynb'    '23 Filogenetska.ipynb'   simple.py*
'02 Izrazi in spremenljivke.ipynb'  '08 Slovarji.ipynb'    datoteke/                simple.sh*
'03 Pogoji.ipynb'                   '09 Funkcije.ipynb'    mymap/                   slike/
'04 Zanke.ipynb'                    '20 Biopython.ipynb'   primer.fasta             Untitled.ipynb
'05 Branje datotek.ipynb'           '21 NCBI.ipynb'        README.md
'06 Metode.ipynb'                   '22 Diagrami.ipynb'    requirements.txt
jovyan@jupyter-janezd-2dbio-2dpython-2dukazna-2dibjh9nch:~$ ls -R -DFFFGFG
.:
'01 Jupyter in Markdown.ipynb'      '07 Seznami.ipynb'    '23 Filogenetska.ipynb'   simple.py*
'02 Izrazi in spremenljivke.ipynb'  '08 Slovarji.ipynb'    datoteke/                simple.sh*
'03 Pogoji.ipynb'                   '09 Funkcije.ipynb'    mymap/                   slike/
'04 Zanke.ipynb'                    '20 Biopython.ipynb'   primer.fasta             Untitled.ipynb
'05 Branje datotek.ipynb'           '21 NCBI.ipynb'        README.md
'06 Metode.ipynb'                   '22 Diagrami.ipynb'    requirements.txt

./datoteke:
osebe.txt  primer.fasta  qwerty-dna.txt  teze2.txt  teze3.txt  teze.txt

./mymap:
kopija.fasta.gz  podmapa/

./mymap/podmapa:

./slike:
lactuca-sativa.jpg
jovyan@jupyter-janezd-2dbio-2dpython-2dukazna-2dibjh9nch:~$ mkdir slike
mkdir: cannot create directory ‘slike’: File exists
jovyan@jupyter-janezd-2dbio-2dpython-2dukazna-2dibjh9nch:~$ ls
'01 Jupyter in Markdown.ipynb'      '07 Seznami.ipynb'    '23 Filogenetska.ipynb'   simple.py
'02 Izrazi in spremenljivke.ipynb'  '08 Slovarji.ipynb'    datoteke                 simple.sh
'03 Pogoji.ipynb'                   '09 Funkcije.ipynb'    mymap                    slike
'04 Zanke.ipynb'                    '20 Biopython.ipynb'   primer.fasta             Untitled.ipynb
'05 Branje datotek.ipynb'           '21 NCBI.ipynb'        README.md
'06 Metode.ipynb'                   '22 Diagrami.ipynb'    requirements.txt
jovyan@jupyter-janezd-2dbio-2dpython-2dukazna-2dibjh9nch:~$ ls > izpis.txt
jovyan@jupyter-janezd-2dbio-2dpython-2dukazna-2dibjh9nch:~$ cat izpis.txt
01 Jupyter in Markdown.ipynb
02 Izrazi in spremenljivke.ipynb
03 Pogoji.ipynb
04 Zanke.ipynb
05 Branje datotek.ipynb
06 Metode.ipynb
07 Seznami.ipynb
08 Slovarji.ipynb
09 Funkcije.ipynb
20 Biopython.ipynb
21 NCBI.ipynb
22 Diagrami.ipynb
23 Filogenetska.ipynb
datoteke
izpis.txt
mymap
primer.fasta
README.md
requirements.txt
simple.py
simple.sh
slike
Untitled.ipynb
jovyan@jupyter-janezd-2dbio-2dpython-2dukazna-2dibjh9nch:~$ ls -la > izpis.txt
jovyan@jupyter-janezd-2dbio-2dpython-2dukazna-2dibjh9nch:~$ cat izpis.txt
total 772
drwxr-xr-x 1 jovyan jovyan   4096 May 13 14:32 .
drwxr-xr-x 1 root   root     4096 Apr 26 12:15 ..
-rw-r--r-- 1 jovyan jovyan   7946 May 13 12:15 01 Jupyter in Markdown.ipynb
-rw-r--r-- 1 jovyan jovyan  51874 May 13 12:15 02 Izrazi in spremenljivke.ipynb
-rw-r--r-- 1 jovyan jovyan  35441 May  6 10:43 03 Pogoji.ipynb
-rw-r--r-- 1 jovyan jovyan   9149 May  6 10:43 04 Zanke.ipynb
-rw-r--r-- 1 jovyan jovyan  10838 May  6 10:43 05 Branje datotek.ipynb
-rw-r--r-- 1 jovyan jovyan  14985 May  6 10:43 06 Metode.ipynb
-rw-r--r-- 1 jovyan jovyan  23652 May  6 10:43 07 Seznami.ipynb
-rw-r--r-- 1 jovyan jovyan  12222 May  6 10:43 08 Slovarji.ipynb
-rw-r--r-- 1 jovyan jovyan   8225 May  6 10:43 09 Funkcije.ipynb
-rw-r--r-- 1 jovyan jovyan  59668 May  6 10:43 20 Biopython.ipynb
-rw-r--r-- 1 jovyan jovyan 118310 May  6 10:43 21 NCBI.ipynb
-rw-r--r-- 1 jovyan jovyan 117831 May  6 10:43 22 Diagrami.ipynb
-rw-r--r-- 1 jovyan jovyan 203699 May  6 10:43 23 Filogenetska.ipynb
-rw-r--r-- 1 jovyan jovyan    220 Apr 26 12:15 .bash_logout
-rw-r--r-- 1 jovyan jovyan   3771 Apr 26 12:15 .bashrc
drwx------ 1 jovyan jovyan   4096 Apr 30 14:36 .config
drwxr-xr-x 1 jovyan jovyan   4096 May 13 14:23 datoteke
drwxr-xr-x 1 jovyan jovyan   4096 May  6 10:43 .git
drwxr-xr-x 2 jovyan jovyan   4096 May 13 14:19 .ipynb_checkpoints
drwxr-xr-x 5 jovyan jovyan   4096 May 13 12:13 .ipython
-rw-r--r-- 1 jovyan jovyan      0 May 13 14:32 izpis.txt
drwxr-xr-x 3 jovyan jovyan   4096 May 13 12:10 .jupyter
drwxr-xr-x 3 jovyan jovyan   4096 May 13 12:10 .local
drwxr-xr-x 3 jovyan jovyan   4096 May 13 13:04 mymap
-rw-r--r-- 1 jovyan jovyan    587 May 13 12:38 primer.fasta
-rw-r--r-- 1 jovyan jovyan    807 Apr 26 12:15 .profile
-rw------- 1 jovyan jovyan     32 May 13 13:39 .python_history
-rw-r--r-- 1 jovyan jovyan   4188 May  6 10:43 README.md
-rw-r--r-- 1 jovyan jovyan     38 May  6 10:43 requirements.txt
-rwxr--r-- 1 jovyan jovyan    182 May 13 14:20 simple.py
-rwxr----- 1 jovyan jovyan     30 May 13 13:58 simple.sh
drwxr-xr-x 1 jovyan jovyan   4096 May  6 10:43 slike
-rw-r--r-- 1 jovyan jovyan   1367 May 13 14:21 Untitled.ipynb
jovyan@jupyter-janezd-2dbio-2dpython-2dukazna-2dibjh9nch:~$ ls -la > izpis.tx^C
jovyan@jupyter-janezd-2dbio-2dpython-2dukazna-2dibjh9nch:~$ ./simple.py datoteke/
.ipynb_checkpoints/ primer.fasta        teze2.txt           teze.txt
osebe.txt           qwerty-dna.txt      teze3.txt
jovyan@jupyter-janezd-2dbio-2dpython-2dukazna-2dibjh9nch:~$ ./simple.py datoteke/osebe.txt
Traceback (most recent call last):
  File "./simple.py", line 9, in <module>
    sum += float(line)
ValueError: could not convert string to float: 'Ana 72 1.70\n'
jovyan@jupyter-janezd-2dbio-2dpython-2dukazna-2dibjh9nch:~$ cat datoteke/osebe.txt
Ana 72 1.70
Berta 85 1.84
Cilka 70 1.65
Dani 82 1.80
Eva 50 1.50
Fanči 64 1.65jovyan@jupyter-janezd-2dbio-2dpython-2dukazna-2dibjh9nch:~$ cat datoteke/teze.txt
72
85
70
82
50
64jovyan@jupyter-janezd-2dbio-2dpython-2dukazna-2dibjh9nch:~$ awk {'print $2'} datoteke/osebe.txt
jovyan@jupyter-janezd-2dbio-2dpython-2dukazna-2dibjh9nch:~$ awk {'print $2'} datoteke/osebe.txt  > temp_osebe_teze.txt
jovyan@jupyter-janezd-2dbio-2dpython-2dukazna-2dibjh9nch:~$ cat temp_osebe_teze.txt
72
85
70
82
5064
jovyan@jupyter-janezd-2dbio-2dpython-2dukazna-2dibjh9nch:~$ ./simple.py temp_osebe_teze.txt
70.5
jovyan@jupyter-janezd-2dbio-2dpython-2dukazna-2dibjh9nch:~$ awk {'print $3'} datoteke/osebe.txt > t_o_visine.txt
jovyan@jupyter-janezd-2dbio-2dpython-2dukazna-2dibjh9nch:~$ cat t_o_visine.txt
1.70
1.84
1.65
1.80
1.50
1.65
jovyan@jupyter-janezd-2dbio-2dpython-2dukazna-2dibjh9nch:~$ ./simple.py t_o_visine.txt
1.6899999999999997
jovyan@jupyter-janezd-2dbio-2dpython-2dukazna-2dibjh9nch:~$ mv simple.py average.py
jovyan@jupyter-janezd-2dbio-2dpython-2dukazna-2dibjh9nch:~$ ./simple.py t_o_visine.txt
bash: ./simple.py: No such file or directory
jovyan@jupyter-janezd-2dbio-2dpython-2dukazna-2dibjh9nch:~$
jovyan@jupyter-janezd-2dbio-2dpython-2dukazna-2dibjh9nch:~$ ./average.py t_o_visine.txt
1.6899999999999997
jovyan@jupyter-janezd-2dbio-2dpython-2dukazna-2dibjh9nch:~$ ls
'01 Jupyter in Markdown.ipynb'      '08 Slovarji.ipynb'       datoteke           slike
'02 Izrazi in spremenljivke.ipynb'  '09 Funkcije.ipynb'       izpis.txt          temp_osebe_teze.txt
'03 Pogoji.ipynb'                   '20 Biopython.ipynb'      mymap              t_o_visine.txt
'04 Zanke.ipynb'                    '21 NCBI.ipynb'           primer.fasta       Untitled.ipynb
'05 Branje datotek.ipynb'           '22 Diagrami.ipynb'       README.md
'06 Metode.ipynb'                   '23 Filogenetska.ipynb'   requirements.txt
'07 Seznami.ipynb'                   average.py               simple.sh
jovyan@jupyter-janezd-2dbio-2dpython-2dukazna-2dibjh9nch:~$ cp average.py average_stdin.py
jovyan@jupyter-janezd-2dbio-2dpython-2dukazna-2dibjh9nch:~$ ./average_stdin.py t_o_visine.txt
1.6899999999999997
jovyan@jupyter-janezd-2dbio-2dpython-2dukazna-2dibjh9nch:~$ ls -la average*
-rwxr--r-- 1 jovyan jovyan 182 May 13 14:20 average.py
-rwxr--r-- 1 jovyan jovyan 182 May 13 14:40 average_stdin.py
jovyan@jupyter-janezd-2dbio-2dpython-2dukazna-2dibjh9nch:~$ ./average_stdin.py t_o_visine.txt
^CTraceback (most recent call last):
  File "./average_stdin.py", line 8, in <module>
    for line in fin:
KeyboardInterrupt
jovyan@jupyter-janezd-2dbio-2dpython-2dukazna-2dibjh9nch:~$ ./average_stdin.py
^CTraceback (most recent call last):
  File "./average_stdin.py", line 8, in <module>
    for line in fin:
KeyboardInterrupt
jovyan@jupyter-janezd-2dbio-2dpython-2dukazna-2dibjh9nch:~$ ./average_stdin.py
10
20
30
20.0
jovyan@jupyter-janezd-2dbio-2dpython-2dukazna-2dibjh9nch:~$ ./average_stdin.py ^C
jovyan@jupyter-janezd-2dbio-2dpython-2dukazna-2dibjh9nch:~$ ./average_stdin.py
10
20
100
43.333333333333336
jovyan@jupyter-janezd-2dbio-2dpython-2dukazna-2dibjh9nch:~$ ./average_stdin.py > rezultat.txt
10
20
100
jovyan@jupyter-janezd-2dbio-2dpython-2dukazna-2dibjh9nch:~$ cat rezultat.txt
43.333333333333336
jovyan@jupyter-janezd-2dbio-2dpython-2dukazna-2dibjh9nch:~$ cat t_o_visine.txt
1.70
1.84
1.65
1.80
1.50
1.65
jovyan@jupyter-janezd-2dbio-2dpython-2dukazna-2dibjh9nch:~$ ./average_stdin.py
10
20
100
43.333333333333336
jovyan@jupyter-janezd-2dbio-2dpython-2dukazna-2dibjh9nch:~$ ./average_stdin.py < t_o_visine.txt
1.6899999999999997
jovyan@jupyter-janezd-2dbio-2dpython-2dukazna-2dibjh9nch:~$ ./average_stdin.py < t_o_visine.txt > rezultat.txt
jovyan@jupyter-janezd-2dbio-2dpython-2dukazna-2dibjh9nch:~$ cat rezultat.txt
1.6899999999999997
jovyan@jupyter-janezd-2dbio-2dpython-2dukazna-2dibjh9nch:~$ awk {'print $3'} datoteke/osebe.txt
1.70
1.84
1.65
1.80
1.50
1.65
jovyan@jupyter-janezd-2dbio-2dpython-2dukazna-2dibjh9nch:~$ awk {'print $3'} datoteke/osebe.txt
1.70
1.84
1.65
1.80
1.50
1.65
jovyan@jupyter-janezd-2dbio-2dpython-2dukazna-2dibjh9nch:~$ awk {'print $3'} datoteke/osebe.txt > t_o_visine.txt
jovyan@jupyter-janezd-2dbio-2dpython-2dukazna-2dibjh9nch:~$ awk {'print $3'} datoteke/osebe.txt | ./average_stdin.py
1.6899999999999997
jovyan@jupyter-janezd-2dbio-2dpython-2dukazna-2dibjh9nch:~$ for fn in datoteke/teze*.txt; do echo $fn; done
datoteke/teze2.txt
datoteke/teze3.txt
datoteke/teze.txt
jovyan@jupyter-janezd-2dbio-2dpython-2dukazna-2dibjh9nch:~$ ./run_all_teze.sh
bash: ./run_all_teze.sh: No such file or directory
jovyan@jupyter-janezd-2dbio-2dpython-2dukazna-2dibjh9nch:~$ ./run_all_teze.sh^C
jovyan@jupyter-janezd-2dbio-2dpython-2dukazna-2dibjh9nch:~$
jovyan@jupyter-janezd-2dbio-2dpython-2dukazna-2dibjh9nch:~$ mv datoteke/run_all_teze.sh .
jovyan@jupyter-janezd-2dbio-2dpython-2dukazna-2dibjh9nch:~$ ./run_all_teze.sh
bash: ./run_all_teze.sh: Permission denied
jovyan@jupyter-janezd-2dbio-2dpython-2dukazna-2dibjh9nch:~$ chmod +x ./run_all_teze.sh
jovyan@jupyter-janezd-2dbio-2dpython-2dukazna-2dibjh9nch:~$ ./run_all_teze.sh
datoteke/teze2.txt
datoteke/teze3.txt
datoteke/teze.txt
jovyan@jupyter-janezd-2dbio-2dpython-2dukazna-2dibjh9nch:~$ ./run_all_teze.sh
datoteke/teze2.txt
datoteke/teze3.txt
datoteke/teze.txt
jovyan@jupyter-janezd-2dbio-2dpython-2dukazna-2dibjh9nch:~$ ./run_all_teze.sh
datoteke/teze2.txt
datoteke/teze3.txt
datoteke/teze.txt
jovyan@jupyter-janezd-2dbio-2dpython-2dukazna-2dibjh9nch:~$ ls
'01 Jupyter in Markdown.ipynb'      '08 Slovarji.ipynb'       average_stdin.py   rezultat.txt
'02 Izrazi in spremenljivke.ipynb'  '09 Funkcije.ipynb'       datoteke           run_all_teze.sh
'03 Pogoji.ipynb'                   '20 Biopython.ipynb'      izpis.txt          simple.sh
'04 Zanke.ipynb'                    '21 NCBI.ipynb'           mymap              slike
'05 Branje datotek.ipynb'           '22 Diagrami.ipynb'       primer.fasta       temp_osebe_teze.txt
'06 Metode.ipynb'                   '23 Filogenetska.ipynb'   README.md          t_o_visine.txt
'07 Seznami.ipynb'                   average.py               requirements.txt   Untitled.ipynb
jovyan@jupyter-janezd-2dbio-2dpython-2dukazna-2dibjh9nch:~$ cat average.py
#!/srv/conda/envs/notebook/bin/python

import sys
fin_name = sys.argv[1]

sum = 0
cn = 0
for line in open(fin_name):
    sum += float(line)
    cn += 1

if cn > 0:
    print(sum/cn)
jovyan@jupyter-janezd-2dbio-2dpython-2dukazna-2dibjh9nch:~$ cat average.py
#!/srv/conda/envs/notebook/bin/python

import sys
fin_name = sys.argv[1]

sum = 0
cn = 0
for line in open(fin_name):
    sum += float(line)
    cn += 1

if cn > 0:
    print(sum/cn)
jovyan@jupyter-janezd-2dbio-2dpython-2dukazna-2dibjh9nch:~$ ./run_all_teze.sh
datoteke/teze2.txt
datoteke/teze3.txt
datoteke/teze.txt
jovyan@jupyter-janezd-2dbio-2dpython-2dukazna-2dibjh9nch:~$ ./average.py datoteke/teze2.txt
61.0
jovyan@jupyter-janezd-2dbio-2dpython-2dukazna-2dibjh9nch:~$ ./average.py datoteke/teze2.txt
61.0
jovyan@jupyter-janezd-2dbio-2dpython-2dukazna-2dibjh9nch:~$ ./run_all_teze.sh
datoteke/teze2.txt
datoteke/teze3.txt
datoteke/teze.txt
jovyan@jupyter-janezd-2dbio-2dpython-2dukazna-2dibjh9nch:~$ ./run_all_teze.sh
datoteke/teze2.txt
datoteke/teze3.txt
datoteke/teze.txt
jovyan@jupyter-janezd-2dbio-2dpython-2dukazna-2dibjh9nch:~$ pwd
/home/jovyan
jovyan@jupyter-janezd-2dbio-2dpython-2dukazna-2dibjh9nch:~$ cat run_all_teze.sh
#!/bin/bash

for fn in datoteke/teze*.txt; do
    echo $fn;
donejovyan@jupyter-janezd-2dbio-2dpython-2dukazna-2dibjh9nch:~$ mv datoteke/run_all_teze.sh .
jovyan@jupyter-janezd-2dbio-2dpython-2dukazna-2dibjh9nch:~$ ./run_^C
jovyan@jupyter-janezd-2dbio-2dpython-2dukazna-2dibjh9nch:~$ chmod +x ./run_all_teze.sh
jovyan@jupyter-janezd-2dbio-2dpython-2dukazna-2dibjh9nch:~$ ./run_all_teze.sh
61.0
66.66666666666667
70.5
jovyan@jupyter-janezd-2dbio-2dpython-2dukazna-2dibjh9nch:~$ ./run_all_teze.sh
datoteke/teze2.txt
61.0
datoteke/teze3.txt
66.66666666666667
datoteke/teze.txt
70.5
jovyan@jupyter-janezd-2dbio-2dpython-2dukazna-2dibjh9nch:~$ ./run_all_teze.sh
61.0
66.66666666666667
70.5
jovyan@jupyter-janezd-2dbio-2dpython-2dukazna-2dibjh9nch:~$ ./run_all_teze.sh  | ./average_stdin.py
66.05555555555556
jovyan@jupyter-janezd-2dbio-2dpython-2dukazna-2dibjh9nch:~$
